""" print square module """

""" importing print square function """
>>> print_square = __import__('4-print_square').print_square

""" test function """
>>> print_square(6)
######
######
######
######
######
######

""" test function """
>>> print_square(2)
##
##

""" test integer """
>>> print_square("70")
Traceback (most recent call last):
  ...
TypeError: size must be an integer

""" test less than zero """
>>> print_square(-8)
Traceback (most recent call last):
 ...
ValueError: size must be >= 0
